0: The Shawshank Redemption (1994)
1: The Godfather (1972)
2: The Godfather: Part II (1974)
3: The Dark Knight (2008)
4: Pulp Fiction (1994)
5: The Good, the Bad and the Ugly (1966)
6: The Lord of the Rings: The Return of the King (2003)
7: Fight Club (1999)
8: The Lord of the Rings: The Fellowship of the Ring (2001)
9: Interstellar (2014)
10: Whiplash (2014)
11: Birdman (2014)
12: Up (2009)
13: WALLÂ·E (2008)
Enter customer name: Choose movie by number followed by rental days, just ENTER for bill:
Rental Record for Clare
	The Shawshank Redemption (1994)	2.0
	The Shawshank Redemption (1994)	2.0
	The Shawshank Redemption (1994)	3.5
	The Shawshank Redemption (1994)	5.0
	Interstellar (2014)	3.0
	Interstellar (2014)	6.0
	Interstellar (2014)	9.0
	Interstellar (2014)	12.0
	Up (2009)	1.5
	Up (2009)	1.5
	Up (2009)	1.5
	Up (2009)	3.0
You owed 50.0
You earned 15 frequent renter points

